   Compiling native-file-atlas v0.1.0 (C:\Users\jmoser\source\repos\AtlasFileExplorer\apps\file-atlas)
   Compiling slate v0.1.0 (C:\Users\jmoser\source\repos\AtlasFileExplorer\apps\slate)
warning: method `color` is never used
   --> apps\slate\src\app\board_web.rs:152:8
    |
151 | impl WebHealth {
    | -------------- method in this implementation
152 |     fn color(self) -> Color32 {
    |        ^^^^^
    |
    = note: `#[warn(dead_code)]` (part of `#[warn(unused)]`) on by default

warning: field `target` is never read
   --> apps\slate\src\app\board_web_win.rs:137:5
    |
128 | struct View {
    |        ---- field in this struct
...
137 |     target: String,
    |     ^^^^^^

warning: `slate` (lib test) generated 2 warnings
    Finished `test` profile [optimized + debuginfo] target(s) in 28.22s
     Running unittests src\lib.rs (target\debug\deps\slate-a0ff0011b1a0c13b.exe)
error: test failed, to rerun pass `-p slate --lib`

Caused by:
  could not execute process `C:\Users\jmoser\source\repos\AtlasFileExplorer\target\debug\deps\slate-a0ff0011b1a0c13b.exe bench_web --ignored --nocapture` (never executed)

Caused by:
  Access is denied. (os error 5)
